Initial:
.....
..xxx
.xxx.
.....
.....
.....


Frame #1:
...x.
.x..x
.x..x
..x..
.....
.....


Frame #2:
.....
..xxx
.xxx.
.....
.....
.....


