Initial:
x.x.x
.x.x.
x.x.x
.x.x.
x.x.x
.x.x.


Frame #1:
.....
.....
.....
.....
.....
.....


