.....
..xxx
.xxx.
.....
.....
.....

...x.
.x..x
.x..x
..x..
.....
.....
